// Jest Snapshot v1, https://goo.gl/fbAQLP

exports[`OuiOutsideClickDetector is rendered 1`] = `
<div>
  <div />
</div>
`;
