// Jest Snapshot v1, https://goo.gl/fbAQLP

exports[`OuiCommentList is rendered 1`] = `
<div>
  <div
    aria-label="aria-label"
    class="ouiCommentList testClass1 testClass2"
    data-test-subj="test subject string"
  >
    <div
      class="ouiComment"
    >
      <div
        class="ouiCommentTimeline"
      >
        <div
          class="ouiCommentTimeline__content"
        >
          <div
            class="ouiCommentTimeline__icon--default ouiCommentTimeline__icon--regular"
          >
            <span
              data-ouiicon-type="user"
            />
          </div>
        </div>
      </div>
      <figure
        class="ouiCommentEvent ouiCommentEvent--regular"
      >
        <figcaption
          class="ouiCommentEvent__header"
        >
          <div
            class="ouiCommentEvent__headerData"
          >
            <div
              class="ouiCommentEvent__headerUsername"
            >
              janed
            </div>
            <div
              class="ouiCommentEvent__headerEvent"
            />
          </div>
        </figcaption>
      </figure>
    </div>
  </div>
</div>
`;
