// Jest Snapshot v1, https://goo.gl/fbAQLP

exports[`OuiColorPickerSwatch is rendered 1`] = `
<div>
  <button
    aria-label="aria-label"
    class="ouiColorPickerSwatch testClass1 testClass2"
    data-test-subj="test subject string"
    style="background: transparent;"
    type="button"
  />
</div>
`;
