// Jest Snapshot v1, https://goo.gl/fbAQLP

exports[`OuiInnerText is rendered 1`] = `
<div>
  <span
    title="Test"
  >
    Test
  </span>
</div>
`;
