// Jest Snapshot v1, https://goo.gl/fbAQLP

exports[`ExpandedItemActions render 1`] = `
<Fragment>
  <DefaultItemAction
    action={
      {
        "description": "default 1",
        "name": "default1",
        "onClick": [Function],
      }
    }
    className=""
    enabled={true}
    item={
      {
        "id": "xyz",
      }
    }
    key="item_action_xyz_0"
  />
  <CustomItemAction
    action={
      {
        "description": "custom 1",
        "name": "custom1",
        "render": [Function],
      }
    }
    className=""
    enabled={true}
    index={1}
    item={
      {
        "id": "xyz",
      }
    }
    key="item_action_xyz_1"
  />
</Fragment>
`;
