// Jest Snapshot v1, https://goo.gl/fbAQLP

exports[`OuiTableFooter is rendered 1`] = `
[
  <tfoot
    aria-label="aria-label"
    class="testClass1 testClass2"
    data-test-subj="test subject string"
  >
    <tr />
  </tfoot>,
  "children",
]
`;
