// Jest Snapshot v1, https://goo.gl/fbAQLP

exports[`OuiTreeView is rendered 1`] = `
<div
  class="ouiText ouiText--medium ouiTreeView__wrapper"
>
  <p
    class="ouiScreenReaderOnly"
    id="ouiTreeView_generated-id--instruction"
  >
    You can quickly navigate this list using arrow keys.
  </p>
  <ul
    aria-describedby="ouiTreeView_generated-id--instruction"
    aria-label="aria-label"
    class="ouiTreeView testClass1 testClass2"
    data-test-subj="test subject string"
    id="ouiTreeView_generated-id"
  >
    <li
      class="ouiTreeView__node ouiTreeView__node--expanded"
    >
      <button
        aria-controls="ouiTreeView_generated-id_item_one"
        aria-expanded="true"
        class="ouiTreeView__nodeInner"
        data-test-subj="ouiTreeViewButton-ouiTreeView_generated-id"
        id="item_one"
      >
        <span
          class="ouiTreeView__iconWrapper"
        >
          <span
            data-ouiicon-type="folderOpen"
          />
        </span>
      </button>
      <button
        class="ouiFacetButton ouiFacetButton--unSelected ouiTreeView_ouiFacetButton"
        type="button"
      >
        <span
          class="ouiFacetButton__content"
        >
          <span
            class="ouiFacetButton__text"
          >
            <span
              class="ouiTreeView__nodeLabel"
            >
              Item One
            </span>
          </span>
          <span
            class="ouiNotificationBadge ouiNotificationBadge--medium ouiNotificationBadge--subdued ouiFacetButton__quantity"
          >
            3
          </span>
        </span>
      </button>
      <div
        id="ouiTreeView_generated-id_item_one"
      >
        <div
          class="ouiText ouiText--medium ouiTreeView__wrapper"
        >
          <ul
            aria-label="Item One child of aria-label"
            class="ouiTreeView"
          >
            <li
              class="ouiTreeView__node"
            >
              <button
                aria-controls="ouiTreeView_generated-id_item_a"
                aria-expanded="false"
                class="ouiTreeView__nodeInner"
                data-test-subj="ouiTreeViewButton-ouiTreeView_generated-id"
                id="item_a"
              >
                <span
                  class="ouiTreeView__iconWrapper"
                >
                  <span
                    data-ouiicon-type="document"
                  />
                </span>
              </button>
              <button
                class="ouiFacetButton ouiFacetButton--unSelected ouiTreeView_ouiFacetButton"
                type="button"
              >
                <span
                  class="ouiFacetButton__content"
                >
                  <span
                    class="ouiFacetButton__text"
                  >
                    <span
                      class="ouiTreeView__nodeLabel"
                    >
                      Item A
                    </span>
                  </span>
                </span>
              </button>
              <div
                id="ouiTreeView_generated-id_item_a"
              />
            </li>
            <li
              class="ouiTreeView__node"
            >
              <button
                aria-controls="ouiTreeView_generated-id_item_b"
                aria-expanded="false"
                class="ouiTreeView__nodeInner"
                data-test-subj="ouiTreeViewButton-ouiTreeView_generated-id"
                id="item_b"
              >
                <span
                  class="ouiTreeView__iconWrapper"
                >
                  <span
                    data-ouiicon-type="arrowRight"
                  />
                </span>
              </button>
              <button
                class="ouiFacetButton ouiFacetButton--unSelected ouiTreeView_ouiFacetButton"
                type="button"
              >
                <span
                  class="ouiFacetButton__content"
                >
                  <span
                    class="ouiFacetButton__text"
                  >
                    <span
                      class="ouiTreeView__nodeLabel"
                    >
                      Item B
                    </span>
                  </span>
                  <span
                    class="ouiNotificationBadge ouiNotificationBadge--medium ouiNotificationBadge--subdued ouiFacetButton__quantity"
                  >
                    2
                  </span>
                </span>
              </button>
              <div
                id="ouiTreeView_generated-id_item_b"
              />
            </li>
            <li
              class="ouiTreeView__node"
            >
              <button
                aria-controls="ouiTreeView_generated-id_item_c"
                aria-expanded="false"
                class="ouiTreeView__nodeInner"
                data-test-subj="ouiTreeViewButton-ouiTreeView_generated-id"
                id="item_c"
              >
                <span
                  class="ouiTreeView__iconWrapper"
                >
                  <span
                    data-ouiicon-type="arrowRight"
                  />
                </span>
              </button>
              <button
                class="ouiFacetButton ouiFacetButton--unSelected ouiTreeView_ouiFacetButton"
                type="button"
              >
                <span
                  class="ouiFacetButton__content"
                >
                  <span
                    class="ouiFacetButton__text"
                  >
                    <span
                      class="ouiTreeView__nodeLabel"
                    >
                      Item C
                    </span>
                  </span>
                  <span
                    class="ouiNotificationBadge ouiNotificationBadge--medium ouiNotificationBadge--subdued ouiFacetButton__quantity"
                  >
                    2
                  </span>
                </span>
              </button>
              <div
                id="ouiTreeView_generated-id_item_c"
              />
            </li>
          </ul>
        </div>
      </div>
    </li>
    <li
      class="ouiTreeView__node"
    >
      <button
        aria-controls="ouiTreeView_generated-id_item_two"
        aria-expanded="false"
        class="ouiTreeView__nodeInner"
        data-test-subj="ouiTreeViewButton-ouiTreeView_generated-id"
        id="item_two"
      />
      <button
        class="ouiFacetButton ouiFacetButton--unSelected ouiTreeView_ouiFacetButton"
        type="button"
      >
        <span
          class="ouiFacetButton__content"
        >
          <span
            class="ouiFacetButton__text"
          >
            <span
              class="ouiTreeView__nodeLabel"
            >
              Item Two
            </span>
          </span>
        </span>
      </button>
      <div
        id="ouiTreeView_generated-id_item_two"
      />
    </li>
  </ul>
</div>
`;
